[36mvite v6.4.3 [32mbuilding for production...[36m[39m
transforming...
[32m✓[39m 133 modules transformed.
rendering chunks...
computing gzip size...
[2mdist/[22m[32mindex.html                                    [39m[1m[2m  0.66 kB[22m[1m[22m[2m │ gzip:  0.34 kB[22m
[2mdist/[22m[35massets/LoginView-DRBll4ZT.css                 [39m[1m[2m  0.03 kB[22m[1m[22m[2m │ gzip:  0.05 kB[22m
[2mdist/[22m[35massets/ScienceView-2V8Cg-g7.css               [39m[1m[2m  0.09 kB[22m[1m[22m[2m │ gzip:  0.10 kB[22m
[2mdist/[22m[35massets/LayoutView-DWT5QxaK.css                [39m[1m[2m  0.15 kB[22m[1m[22m[2m │ gzip:  0.14 kB[22m
[2mdist/[22m[35massets/TeamView-D0CyvCAR.css                  [39m[1m[2m  5.53 kB[22m[1m[22m[2m │ gzip:  1.49 kB[22m
[2mdist/[22m[35massets/PunchAnalyzeView-CC3k6-NT.css          [39m[1m[2m  5.67 kB[22m[1m[22m[2m │ gzip:  1.52 kB[22m
[2mdist/[22m[35massets/AiAssistantView-Dy_9h5zW.css           [39m[1m[2m  5.72 kB[22m[1m[22m[2m │ gzip:  1.50 kB[22m
[2mdist/[22m[35massets/DoctorConsultView-C5abpz2_.css         [39m[1m[2m  6.10 kB[22m[1m[22m[2m │ gzip:  1.62 kB[22m
[2mdist/[22m[35massets/RiskPredictView-DD7wxrSm.css           [39m[1m[2m  6.26 kB[22m[1m[22m[2m │ gzip:  1.64 kB[22m
[2mdist/[22m[35massets/HealthConsultView-9CbIfXe0.css         [39m[1m[2m  6.76 kB[22m[1m[22m[2m │ gzip:  1.56 kB[22m
[2mdist/[22m[35massets/LifeSchemeView-BtH8IIyW.css            [39m[1m[2m  7.11 kB[22m[1m[22m[2m │ gzip:  1.69 kB[22m
[2mdist/[22m[35massets/MineView-Cu3elybS.css                  [39m[1m[2m 10.61 kB[22m[1m[22m[2m │ gzip:  2.33 kB[22m
[2mdist/[22m[35massets/AdminView-BISyTuEj.css                 [39m[1m[2m 39.19 kB[22m[1m[22m[2m │ gzip:  5.66 kB[22m
[2mdist/[22m[36massets/logo-B4m6Habq.js                       [39m[1m[2m  0.08 kB[22m[1m[22m[2m │ gzip:  0.09 kB[22m
[2mdist/[22m[36massets/_plugin-vue_export-helper-DlAUqK2U.js  [39m[1m[2m  0.09 kB[22m[1m[22m[2m │ gzip:  0.10 kB[22m
[2mdist/[22m[36massets/dify-CZnNrL86.js                       [39m[1m[2m  0.70 kB[22m[1m[22m[2m │ gzip:  0.31 kB[22m
[2mdist/[22m[36massets/consultFavorites-ponBqkzN.js           [39m[1m[2m  0.70 kB[22m[1m[22m[2m │ gzip:  0.42 kB[22m
[2mdist/[22m[36massets/operationLog-Ch4DagOe.js               [39m[1m[2m  1.60 kB[22m[1m[22m[2m │ gzip:  0.86 kB[22m
[2mdist/[22m[36massets/alert-_RmQhYPB.js                      [39m[1m[2m  1.60 kB[22m[1m[22m[2m │ gzip:  0.79 kB[22m
[2mdist/[22m[36massets/user-D7iZZvgn.js                       [39m[1m[2m  2.19 kB[22m[1m[22m[2m │ gzip:  0.92 kB[22m
[2mdist/[22m[36massets/LayoutView-DgKXSWuY.js                 [39m[1m[2m  4.54 kB[22m[1m[22m[2m │ gzip:  1.93 kB[22m
[2mdist/[22m[36massets/ScienceView-z-Atyaxe.js                [39m[1m[2m  4.63 kB[22m[1m[22m[2m │ gzip:  2.29 kB[22m
[2mdist/[22m[36massets/TeamView-CgNHPmCB.js                   [39m[1m[2m  4.66 kB[22m[1m[22m[2m │ gzip:  2.18 kB[22m
[2mdist/[22m[36massets/PunchAnalyzeView-A5lsBpq4.js           [39m[1m[2m  6.08 kB[22m[1m[22m[2m │ gzip:  2.60 kB[22m
[2mdist/[22m[36massets/HealthConsultView-Czqn_wv1.js          [39m[1m[2m  6.57 kB[22m[1m[22m[2m │ gzip:  2.89 kB[22m
[2mdist/[22m[36massets/AiAssistantView-DScKTU6E.js            [39m[1m[2m  7.97 kB[22m[1m[22m[2m │ gzip:  3.17 kB[22m
[2mdist/[22m[36massets/LoginView-BjDK74n1.js                  [39m[1m[2m  8.48 kB[22m[1m[22m[2m │ gzip:  3.20 kB[22m
[2mdist/[22m[36massets/DoctorConsultView-BZRHjzn_.js          [39m[1m[2m  9.20 kB[22m[1m[22m[2m │ gzip:  3.53 kB[22m
[2mdist/[22m[36massets/RiskPredictView-CMf25V0T.js            [39m[1m[2m  9.76 kB[22m[1m[22m[2m │ gzip:  3.44 kB[22m
[2mdist/[22m[36massets/LifeSchemeView-BechyBWj.js             [39m[1m[2m  9.97 kB[22m[1m[22m[2m │ gzip:  3.52 kB[22m
[2mdist/[22m[36massets/MineView-Dlzg545u.js                   [39m[1m[2m 17.23 kB[22m[1m[22m[2m │ gzip:  5.80 kB[22m
[2mdist/[22m[36massets/AdminView-CdCbotWb.js                  [39m[1m[2m 41.95 kB[22m[1m[22m[2m │ gzip: 12.35 kB[22m
[2mdist/[22m[36massets/request-Bbw8_FHh.js                    [39m[1m[2m 50.76 kB[22m[1m[22m[2m │ gzip: 19.50 kB[22m
[2mdist/[22m[36massets/index-By57zHqp.js                      [39m[1m[2m105.29 kB[22m[1m[22m[2m │ gzip: 41.13 kB[22m
[32m✓ built in 2.83s[39m
